// Jest Snapshot v1, https://goo.gl/fbAQLP

exports[`Correct API Match Snapshot 1`] = `[Function]`;
